// Jest Snapshot v1, https://goo.gl/fbAQLP

exports[`Renders layout demo correctly 1`] = `
<div>
  <div
    id="components-layout-demo-basic"
  >
    <div
      class="fishd-layout"
    >
      <div
        class="fishd-layout-header"
      >
        Header
      </div>
      <div
        class="fishd-layout-content"
      >
        Content
      </div>
      <div
        class="fishd-layout-footer"
      >
        Footer
      </div>
    </div>
    <div
      class="fishd-layout"
    >
      <div
        class="fishd-layout-header"
      >
        Header
      </div>
      <div
        class="fishd-layout"
      >
        <div
          class="fishd-layout-sider fishd-layout-sider-dark"
          style="flex:0 0 160px;max-width:160px;min-width:160px;width:160px"
        >
          <div
            class="fishd-layout-sider-children"
          >
            Sider
          </div>
        </div>
        <div
          class="fishd-layout-content"
        >
          Content
        </div>
      </div>
      <div
        class="fishd-layout-footer"
      >
        Footer
      </div>
    </div>
    <div
      class="fishd-layout"
    >
      <div
        class="fishd-layout-header"
      >
        Header
      </div>
      <div
        class="fishd-layout"
      >
        <div
          class="fishd-layout-content"
        >
          Content
        </div>
        <div
          class="fishd-layout-sider fishd-layout-sider-dark"
          style="flex:0 0 160px;max-width:160px;min-width:160px;width:160px"
        >
          <div
            class="fishd-layout-sider-children"
          >
            Sider
          </div>
        </div>
      </div>
      <div
        class="fishd-layout-footer"
      >
        Footer
      </div>
    </div>
    <div
      class="fishd-layout"
    >
      <div
        class="fishd-layout-sider fishd-layout-sider-dark"
        style="flex:0 0 160px;max-width:160px;min-width:160px;width:160px"
      >
        <div
          class="fishd-layout-sider-children"
        >
          Sider
        </div>
      </div>
      <div
        class="fishd-layout"
      >
        <div
          class="fishd-layout-header"
        >
          Header
        </div>
        <div
          class="fishd-layout-content"
        >
          Content
        </div>
        <div
          class="fishd-layout-footer"
        >
          Footer
        </div>
      </div>
    </div>
  </div>
  <div
    class="components-layout-demo-side fishd-layout"
  >
    <div
      class="fishd-layout-sider fishd-layout-sider-dark fishd-layout-sider-has-trigger"
      style="flex:0 0 160px;max-width:160px;min-width:160px;width:160px"
    >
      <div
        class="fishd-layout-sider-children"
      >
        <div
          class="logo"
        >
          <img
            class="img-icon-14 fishdicon"
          />
          <span
            class="logo-text"
          >
            Fish Design
          </span>
        </div>
        <ul
          class="fishd-menu fishd-menu-dark fishd-menu-root fishd-menu-inline"
          role="menu"
        >
          <li
            class="fishd-menu-item"
            role="menuitem"
            style="padding-left:24px"
          >
            <div
              class="img-icon-14 fishdicon"
            />
            <span>
              功能项一
            </span>
          </li>
          <li
            class="fishd-menu-item fishd-menu-item-selected"
            role="menuitem"
            style="padding-left:24px"
          >
            <div
              class="img-icon-14 fishdicon"
            />
            <span>
              功能项二
            </span>
          </li>
          <li
            class="fishd-menu-item"
            role="menuitem"
            style="padding-left:24px"
          >
            <div
              class="img-icon-14 fishdicon"
            />
            <span>
              功能项三
            </span>
          </li>
          <li
            class="fishd-menu-item"
            role="menuitem"
            style="padding-left:24px"
          >
            <div
              class="img-icon-14 fishdicon"
            />
            <span>
              功能项四
            </span>
          </li>
          <li
            class="fishd-menu-submenu fishd-menu-submenu-inline"
            role="menuitem"
          >
            <div
              aria-expanded="false"
              aria-haspopup="true"
              class="fishd-menu-submenu-title"
              style="padding-left:24px"
            >
              <span>
                <div
                  class="img-icon-14 fishdicon"
                />
                <span>
                  功能项四
                </span>
              </span>
              <i
                class="fishd-menu-submenu-arrow"
              />
            </div>
            <div />
          </li>
          <li
            class="fishd-menu-item"
            role="menuitem"
            style="padding-left:24px"
          >
            <div
              class="img-icon-14 fishdicon"
            />
            <span>
              功能项五
            </span>
          </li>
          <li
            class="fishd-menu-item"
            role="menuitem"
            style="padding-left:24px"
          >
            <div
              class="img-icon-14 fishdicon"
            />
            <span>
              功能项六
            </span>
          </li>
        </ul>
      </div>
      <div
        class="fishd-layout-sider-trigger"
        style="width:160px"
      >
        <i
          class="fishdicon fishdicon-left"
        />
      </div>
    </div>
    <div
      class="fishd-layout"
    >
      <div
        class="fishd-layout-header"
        style="background:#fff;padding:0"
      />
      <div
        class="fishd-layout-content"
      >
        <div
          class="components-layout-demo-side-content"
        >
          内容模块
        </div>
      </div>
      <div
        class="fishd-layout-footer"
        style="text-align:center"
      >
        Fish Design
      </div>
    </div>
  </div>
  <div
    class="components-layout-demo-custom-trigger fishd-layout"
  >
    <div
      class="fishd-layout-sider fishd-layout-sider-dark"
      style="flex:0 0 160px;max-width:160px;min-width:160px;width:160px"
    >
      <div
        class="fishd-layout-sider-children"
      >
        <div
          class="logo"
        >
          <img
            class="img-icon-14 fishdicon"
          />
          <span
            class="logo-text"
          >
            Fish Design
          </span>
        </div>
        <ul
          class="fishd-menu fishd-menu-dark fishd-menu-root fishd-menu-inline"
          role="menu"
        >
          <li
            class=" fishd-menu-item-group"
          >
            <div
              class="fishd-menu-item-group-title"
              title="功能分类1"
            >
              功能分类1
            </div>
            <ul
              class="fishd-menu-item-group-list"
            >
              <li
                class="fishd-menu-item"
                role="menuitem"
                style="padding-left:24px"
              >
                <div
                  class="img-icon-14 fishdicon"
                />
                <span>
                  功能项一
                </span>
              </li>
              <li
                class="fishd-menu-item fishd-menu-item-selected"
                role="menuitem"
                style="padding-left:24px"
              >
                <div
                  class="img-icon-14 fishdicon"
                />
                <span>
                  功能项二
                </span>
              </li>
            </ul>
          </li>
          <li
            class=" fishd-menu-item-group"
          >
            <div
              class="fishd-menu-item-group-title"
              title="功能分类2"
            >
              功能分类2
            </div>
            <ul
              class="fishd-menu-item-group-list"
            >
              <li
                class="fishd-menu-item"
                role="menuitem"
                style="padding-left:24px"
              >
                <div
                  class="img-icon-14 fishdicon"
                />
                <span>
                  功能项三
                </span>
              </li>
              <li
                class="fishd-menu-item"
                role="menuitem"
                style="padding-left:24px"
              >
                <div
                  class="img-icon-14 fishdicon"
                />
                <span>
                  功能项四
                </span>
              </li>
              <li
                class="fishd-menu-item"
                role="menuitem"
                style="padding-left:24px"
              >
                <div
                  class="img-icon-14 fishdicon"
                />
                <span>
                  功能项五
                </span>
              </li>
              <li
                class="fishd-menu-item"
                role="menuitem"
                style="padding-left:24px"
              >
                <div
                  class="img-icon-14 fishdicon"
                />
                <span>
                  功能项六
                </span>
              </li>
            </ul>
          </li>
        </ul>
      </div>
    </div>
    <div
      class="fishd-layout"
    >
      <div
        class="fishd-layout-header"
        style="background:#fff;padding:0"
      >
        <i
          class="fishdicon fishdicon-menu-line trigger"
        />
        <span
          class="trigger-split-line"
        />
      </div>
      <div
        class="fishd-layout-content"
      >
        <div
          class="components-layout-demo-custom-trigger-content"
        >
          内容模块
        </div>
      </div>
    </div>
  </div>
  <div
    class="components-layout-demo-responsive fishd-layout"
  >
    <div
      class="fishd-layout-sider fishd-layout-sider-dark"
      style="flex:0 0 160px;max-width:160px;min-width:160px;width:160px"
    >
      <div
        class="fishd-layout-sider-children"
      >
        <div
          class="logo"
        >
          <img
            class="img-icon-14 fishdicon"
          />
          <span
            class="logo-text"
          >
            Fish Design
          </span>
        </div>
        <ul
          class="fishd-menu fishd-menu-dark fishd-menu-root fishd-menu-inline"
          role="menu"
        >
          <li
            class="fishd-menu-item"
            role="menuitem"
            style="padding-left:24px"
          >
            <div
              class="img-icon-14 fishdicon"
            />
            <span>
              功能项一
            </span>
          </li>
          <li
            class="fishd-menu-item fishd-menu-item-selected"
            role="menuitem"
            style="padding-left:24px"
          >
            <div
              class="img-icon-14 fishdicon"
            />
            <span>
              功能项二
            </span>
          </li>
          <li
            class="fishd-menu-item"
            role="menuitem"
            style="padding-left:24px"
          >
            <div
              class="img-icon-14 fishdicon"
            />
            <span>
              功能项三
            </span>
          </li>
          <li
            class="fishd-menu-item"
            role="menuitem"
            style="padding-left:24px"
          >
            <div
              class="img-icon-14 fishdicon"
            />
            <span>
              功能项四
            </span>
          </li>
          <li
            class="fishd-menu-item"
            role="menuitem"
            style="padding-left:24px"
          >
            <div
              class="img-icon-14 fishdicon"
            />
            <span>
              功能项五
            </span>
          </li>
          <li
            class="fishd-menu-item"
            role="menuitem"
            style="padding-left:24px"
          >
            <div
              class="img-icon-14 fishdicon"
            />
            <span>
              功能项六
            </span>
          </li>
        </ul>
      </div>
    </div>
    <div
      class="fishd-layout"
    >
      <div
        class="fishd-layout-header"
        style="background:#fff;padding:0"
      />
      <div
        class="fishd-layout-content"
      >
        <div
          class="components-layout-demo-responsive-content"
        >
          内容模块
        </div>
      </div>
      <div
        class="fishd-layout-footer"
        style="text-align:center"
      >
        Fish Design
      </div>
    </div>
  </div>
</div>
`;
