// Jest Snapshot v1, https://goo.gl/fbAQLP

exports[`Renders list demo correctly 1`] = `
<div>
  <div>
    <h3
      style="margin-bottom:16px"
    >
      Default Size
    </h3>
    <div
      class="fishd-list fishd-list-split fishd-list-bordered"
    >
      <div
        class="fishd-spin-nested-loading"
      >
        <div
          class="fishd-spin-nested"
        >
          <div
            class="fishd-list-item"
          >
            <div
              class="fishd-list-item-content fishd-list-item-content-single"
            >
              Racing car sprays burning fuel into crowd.
            </div>
          </div>
          <div
            class="fishd-list-item"
          >
            <div
              class="fishd-list-item-content fishd-list-item-content-single"
            >
              Japanese princess to wed commoner.
            </div>
          </div>
          <div
            class="fishd-list-item"
          >
            <div
              class="fishd-list-item-content fishd-list-item-content-single"
            >
              Australian walks 100km after outback crash.
            </div>
          </div>
          <div
            class="fishd-list-item"
          >
            <div
              class="fishd-list-item-content fishd-list-item-content-single"
            >
              Man charged over missing wedding girl.
            </div>
          </div>
          <div
            class="fishd-list-item"
          >
            <div
              class="fishd-list-item-content fishd-list-item-content-single"
            >
              Los Angeles battles huge wildfires.
            </div>
          </div>
          <div
            class="fishd-list-item"
          >
            <div
              class="fishd-list-item-content fishd-list-item-content-single"
            >
              Man charged over missing wedding girl.
            </div>
          </div>
          <div
            class="fishd-list-item"
          >
            <div
              class="fishd-list-item-content fishd-list-item-content-single"
            >
              Racing car sprays burning fuel into crowd.
            </div>
          </div>
          <div
            class="fishd-list-item"
          >
            <div
              class="fishd-list-item-content fishd-list-item-content-single"
            >
              Man charged over missing wedding girl.
            </div>
          </div>
        </div>
      </div>
    </div>
    <h3
      style="margin:16px 0"
    >
      Small Size
    </h3>
    <div
      class="fishd-list fishd-list-sm fishd-list-split fishd-list-bordered"
    >
      <div
        class="fishd-spin-nested-loading"
      >
        <div
          class="fishd-spin-nested"
        >
          <div
            class="fishd-list-item"
          >
            <div
              class="fishd-list-item-content fishd-list-item-content-single"
            >
              Racing car sprays burning fuel into crowd.
            </div>
          </div>
          <div
            class="fishd-list-item"
          >
            <div
              class="fishd-list-item-content fishd-list-item-content-single"
            >
              Japanese princess to wed commoner.
            </div>
          </div>
          <div
            class="fishd-list-item"
          >
            <div
              class="fishd-list-item-content fishd-list-item-content-single"
            >
              Australian walks 100km after outback crash.
            </div>
          </div>
          <div
            class="fishd-list-item"
          >
            <div
              class="fishd-list-item-content fishd-list-item-content-single"
            >
              Man charged over missing wedding girl.
            </div>
          </div>
          <div
            class="fishd-list-item"
          >
            <div
              class="fishd-list-item-content fishd-list-item-content-single"
            >
              Los Angeles battles huge wildfires.
            </div>
          </div>
          <div
            class="fishd-list-item"
          >
            <div
              class="fishd-list-item-content fishd-list-item-content-single"
            >
              Man charged over missing wedding girl.
            </div>
          </div>
          <div
            class="fishd-list-item"
          >
            <div
              class="fishd-list-item-content fishd-list-item-content-single"
            >
              Racing car sprays burning fuel into crowd.
            </div>
          </div>
          <div
            class="fishd-list-item"
          >
            <div
              class="fishd-list-item-content fishd-list-item-content-single"
            >
              Man charged over missing wedding girl.
            </div>
          </div>
        </div>
      </div>
    </div>
    <h3
      style="margin:16px 0"
    >
      Large Size
    </h3>
    <div
      class="fishd-list fishd-list-lg fishd-list-split fishd-list-bordered"
    >
      <div
        class="fishd-spin-nested-loading"
      >
        <div
          class="fishd-spin-nested"
        >
          <div
            class="fishd-list-item"
          >
            <div
              class="fishd-list-item-content fishd-list-item-content-single"
            >
              Racing car sprays burning fuel into crowd.
            </div>
          </div>
          <div
            class="fishd-list-item"
          >
            <div
              class="fishd-list-item-content fishd-list-item-content-single"
            >
              Japanese princess to wed commoner.
            </div>
          </div>
          <div
            class="fishd-list-item"
          >
            <div
              class="fishd-list-item-content fishd-list-item-content-single"
            >
              Australian walks 100km after outback crash.
            </div>
          </div>
          <div
            class="fishd-list-item"
          >
            <div
              class="fishd-list-item-content fishd-list-item-content-single"
            >
              Man charged over missing wedding girl.
            </div>
          </div>
          <div
            class="fishd-list-item"
          >
            <div
              class="fishd-list-item-content fishd-list-item-content-single"
            >
              Los Angeles battles huge wildfires.
            </div>
          </div>
          <div
            class="fishd-list-item"
          >
            <div
              class="fishd-list-item-content fishd-list-item-content-single"
            >
              Man charged over missing wedding girl.
            </div>
          </div>
          <div
            class="fishd-list-item"
          >
            <div
              class="fishd-list-item-content fishd-list-item-content-single"
            >
              Racing car sprays burning fuel into crowd.
            </div>
          </div>
          <div
            class="fishd-list-item"
          >
            <div
              class="fishd-list-item-content fishd-list-item-content-single"
            >
              Man charged over missing wedding girl.
            </div>
          </div>
        </div>
      </div>
    </div>
  </div>
  <div>
    <h3
      style="margin-bottom:16px"
    >
      Default Size
    </h3>
    <div
      class="fishd-list fishd-list-split fishd-list-bordered fishd-list-striped"
    >
      <div
        class="fishd-spin-nested-loading"
      >
        <div
          class="fishd-spin-nested"
        >
          <div
            class="fishd-list-item"
          >
            <div
              class="fishd-list-item-content fishd-list-item-content-single"
            >
              Racing car sprays burning fuel into crowd.
            </div>
          </div>
          <div
            class="fishd-list-item"
          >
            <div
              class="fishd-list-item-content fishd-list-item-content-single"
            >
              Japanese princess to wed commoner.
            </div>
          </div>
          <div
            class="fishd-list-item"
          >
            <div
              class="fishd-list-item-content fishd-list-item-content-single"
            >
              Australian walks 100km after outback crash.
            </div>
          </div>
          <div
            class="fishd-list-item"
          >
            <div
              class="fishd-list-item-content fishd-list-item-content-single"
            >
              Man charged over missing wedding girl.
            </div>
          </div>
          <div
            class="fishd-list-item"
          >
            <div
              class="fishd-list-item-content fishd-list-item-content-single"
            >
              Los Angeles battles huge wildfires.
            </div>
          </div>
          <div
            class="fishd-list-item"
          >
            <div
              class="fishd-list-item-content fishd-list-item-content-single"
            >
              Man charged over missing wedding girl.
            </div>
          </div>
          <div
            class="fishd-list-item"
          >
            <div
              class="fishd-list-item-content fishd-list-item-content-single"
            >
              Racing car sprays burning fuel into crowd.
            </div>
          </div>
          <div
            class="fishd-list-item"
          >
            <div
              class="fishd-list-item-content fishd-list-item-content-single"
            >
              Man charged over missing wedding girl.
            </div>
          </div>
        </div>
      </div>
    </div>
    <h3
      style="margin:16px 0"
    >
      Small Size
    </h3>
    <div
      class="fishd-list fishd-list-sm fishd-list-split fishd-list-bordered fishd-list-striped"
    >
      <div
        class="fishd-spin-nested-loading"
      >
        <div
          class="fishd-spin-nested"
        >
          <div
            class="fishd-list-item"
          >
            <div
              class="fishd-list-item-content fishd-list-item-content-single"
            >
              Racing car sprays burning fuel into crowd.
            </div>
          </div>
          <div
            class="fishd-list-item"
          >
            <div
              class="fishd-list-item-content fishd-list-item-content-single"
            >
              Japanese princess to wed commoner.
            </div>
          </div>
          <div
            class="fishd-list-item"
          >
            <div
              class="fishd-list-item-content fishd-list-item-content-single"
            >
              Australian walks 100km after outback crash.
            </div>
          </div>
          <div
            class="fishd-list-item"
          >
            <div
              class="fishd-list-item-content fishd-list-item-content-single"
            >
              Man charged over missing wedding girl.
            </div>
          </div>
          <div
            class="fishd-list-item"
          >
            <div
              class="fishd-list-item-content fishd-list-item-content-single"
            >
              Los Angeles battles huge wildfires.
            </div>
          </div>
          <div
            class="fishd-list-item"
          >
            <div
              class="fishd-list-item-content fishd-list-item-content-single"
            >
              Man charged over missing wedding girl.
            </div>
          </div>
          <div
            class="fishd-list-item"
          >
            <div
              class="fishd-list-item-content fishd-list-item-content-single"
            >
              Racing car sprays burning fuel into crowd.
            </div>
          </div>
          <div
            class="fishd-list-item"
          >
            <div
              class="fishd-list-item-content fishd-list-item-content-single"
            >
              Man charged over missing wedding girl.
            </div>
          </div>
        </div>
      </div>
    </div>
    <h3
      style="margin:16px 0"
    >
      Large Size
    </h3>
    <div
      class="fishd-list fishd-list-lg fishd-list-split fishd-list-bordered fishd-list-striped"
    >
      <div
        class="fishd-spin-nested-loading"
      >
        <div
          class="fishd-spin-nested"
        >
          <div
            class="fishd-list-item"
          >
            <div
              class="fishd-list-item-content fishd-list-item-content-single"
            >
              Racing car sprays burning fuel into crowd.
            </div>
          </div>
          <div
            class="fishd-list-item"
          >
            <div
              class="fishd-list-item-content fishd-list-item-content-single"
            >
              Japanese princess to wed commoner.
            </div>
          </div>
          <div
            class="fishd-list-item"
          >
            <div
              class="fishd-list-item-content fishd-list-item-content-single"
            >
              Australian walks 100km after outback crash.
            </div>
          </div>
          <div
            class="fishd-list-item"
          >
            <div
              class="fishd-list-item-content fishd-list-item-content-single"
            >
              Man charged over missing wedding girl.
            </div>
          </div>
          <div
            class="fishd-list-item"
          >
            <div
              class="fishd-list-item-content fishd-list-item-content-single"
            >
              Los Angeles battles huge wildfires.
            </div>
          </div>
          <div
            class="fishd-list-item"
          >
            <div
              class="fishd-list-item-content fishd-list-item-content-single"
            >
              Man charged over missing wedding girl.
            </div>
          </div>
          <div
            class="fishd-list-item"
          >
            <div
              class="fishd-list-item-content fishd-list-item-content-single"
            >
              Racing car sprays burning fuel into crowd.
            </div>
          </div>
          <div
            class="fishd-list-item"
          >
            <div
              class="fishd-list-item-content fishd-list-item-content-single"
            >
              Man charged over missing wedding girl.
            </div>
          </div>
        </div>
      </div>
    </div>
  </div>
  <div
    class="fishd-list fishd-list-split"
  >
    <div
      class="fishd-spin-nested-loading"
    >
      <div
        class="fishd-spin-nested"
      >
        <div
          class="fishd-list-item"
        >
          <div
            class="fishd-list-item-meta"
          >
            <div
              class="fishd-list-item-meta-avatar"
            >
              <span
                class="fishd-avatar fishd-avatar-circle fishd-avatar-image"
              >
                <img
                  src="https://zos.alipayobjects.com/rmsportal/ODTLcjxAfvqbxHnVXCYX.png"
                />
              </span>
            </div>
            <div
              class="fishd-list-item-meta-content"
            >
              <h4
                class="fishd-list-item-meta-title"
              >
                <a
                  href="https://qi.163.com"
                >
                  Fishd Design Title 1
                </a>
              </h4>
              <div
                class="fishd-list-item-meta-description"
              >
                Fishd Design, a design language for background applications, is refined by Fishd UED Team
              </div>
            </div>
          </div>
        </div>
        <div
          class="fishd-list-item"
        >
          <div
            class="fishd-list-item-meta"
          >
            <div
              class="fishd-list-item-meta-avatar"
            >
              <span
                class="fishd-avatar fishd-avatar-circle fishd-avatar-image"
              >
                <img
                  src="https://zos.alipayobjects.com/rmsportal/ODTLcjxAfvqbxHnVXCYX.png"
                />
              </span>
            </div>
            <div
              class="fishd-list-item-meta-content"
            >
              <h4
                class="fishd-list-item-meta-title"
              >
                <a
                  href="https://qi.163.com"
                >
                  Fishd Design Title 2
                </a>
              </h4>
              <div
                class="fishd-list-item-meta-description"
              >
                Fishd Design, a design language for background applications, is refined by Fishd UED Team
              </div>
            </div>
          </div>
        </div>
        <div
          class="fishd-list-item"
        >
          <div
            class="fishd-list-item-meta"
          >
            <div
              class="fishd-list-item-meta-avatar"
            >
              <span
                class="fishd-avatar fishd-avatar-circle fishd-avatar-image"
              >
                <img
                  src="https://zos.alipayobjects.com/rmsportal/ODTLcjxAfvqbxHnVXCYX.png"
                />
              </span>
            </div>
            <div
              class="fishd-list-item-meta-content"
            >
              <h4
                class="fishd-list-item-meta-title"
              >
                <a
                  href="https://qi.163.com"
                >
                  Fishd Design Title 3
                </a>
              </h4>
              <div
                class="fishd-list-item-meta-description"
              >
                Fishd Design, a design language for background applications, is refined by Fishd UED Team
              </div>
            </div>
          </div>
        </div>
        <div
          class="fishd-list-item"
        >
          <div
            class="fishd-list-item-meta"
          >
            <div
              class="fishd-list-item-meta-avatar"
            >
              <span
                class="fishd-avatar fishd-avatar-circle fishd-avatar-image"
              >
                <img
                  src="https://zos.alipayobjects.com/rmsportal/ODTLcjxAfvqbxHnVXCYX.png"
                />
              </span>
            </div>
            <div
              class="fishd-list-item-meta-content"
            >
              <h4
                class="fishd-list-item-meta-title"
              >
                <a
                  href="https://qi.163.com"
                >
                  Fishd Design Title 4
                </a>
              </h4>
              <div
                class="fishd-list-item-meta-description"
              >
                Fishd Design, a design language for background applications, is refined by Fishd UED Team
              </div>
            </div>
          </div>
        </div>
      </div>
    </div>
  </div>
  <div
    class="fishd-list fishd-list-vertical fishd-list-lg fishd-list-split fishd-list-something-after-last-item"
  >
    <div
      class="fishd-spin-nested-loading"
    >
      <div
        class="fishd-spin-nested"
      >
        <div
          class="fishd-list-item"
        >
          <div
            class="fishd-list-item-extra-wrap"
          >
            <div
              class="fishd-list-item-main"
            >
              <div
                class="fishd-list-item-meta"
              >
                <div
                  class="fishd-list-item-meta-avatar"
                >
                  <span
                    class="fishd-avatar fishd-avatar-circle fishd-avatar-image"
                  >
                    <img
                      src="https://zos.alipayobjects.com/rmsportal/ODTLcjxAfvqbxHnVXCYX.png"
                    />
                  </span>
                </div>
                <div
                  class="fishd-list-item-meta-content"
                >
                  <h4
                    class="fishd-list-item-meta-title"
                  >
                    <a
                      href="http://qi.163.com"
                    >
                      fishd design part 0
                    </a>
                  </h4>
                  <div
                    class="fishd-list-item-meta-description"
                  >
                    Fishd Design, a design language for background applications, is refined by Fishd UED Team.
                  </div>
                </div>
              </div>
              <div
                class="fishd-list-item-content"
              >
                We supply a series of design principles, practical patterns and high quality design resources (Sketch and Axure), to help people create their product prototypes beautifully and efficiently.
              </div>
              <ul
                class="fishd-list-item-action"
              >
                <li>
                  <div
                    text="156"
                    type="star-o"
                  />
                  <em
                    class="fishd-list-item-action-split"
                  />
                </li>
                <li>
                  <div
                    text="156"
                    type="like-o"
                  />
                  <em
                    class="fishd-list-item-action-split"
                  />
                </li>
                <li>
                  <div
                    text="2"
                    type="message"
                  />
                </li>
              </ul>
            </div>
            <div
              class="fishd-list-item-extra"
            >
              <img
                alt="logo"
                src="https://gw.alipayobjects.com/zos/rmsportal/mqaQswcyDLcXyDKnZfES.png"
                width="272"
              />
            </div>
          </div>
        </div>
        <div
          class="fishd-list-item"
        >
          <div
            class="fishd-list-item-extra-wrap"
          >
            <div
              class="fishd-list-item-main"
            >
              <div
                class="fishd-list-item-meta"
              >
                <div
                  class="fishd-list-item-meta-avatar"
                >
                  <span
                    class="fishd-avatar fishd-avatar-circle fishd-avatar-image"
                  >
                    <img
                      src="https://zos.alipayobjects.com/rmsportal/ODTLcjxAfvqbxHnVXCYX.png"
                    />
                  </span>
                </div>
                <div
                  class="fishd-list-item-meta-content"
                >
                  <h4
                    class="fishd-list-item-meta-title"
                  >
                    <a
                      href="http://qi.163.com"
                    >
                      fishd design part 1
                    </a>
                  </h4>
                  <div
                    class="fishd-list-item-meta-description"
                  >
                    Fishd Design, a design language for background applications, is refined by Fishd UED Team.
                  </div>
                </div>
              </div>
              <div
                class="fishd-list-item-content"
              >
                We supply a series of design principles, practical patterns and high quality design resources (Sketch and Axure), to help people create their product prototypes beautifully and efficiently.
              </div>
              <ul
                class="fishd-list-item-action"
              >
                <li>
                  <div
                    text="156"
                    type="star-o"
                  />
                  <em
                    class="fishd-list-item-action-split"
                  />
                </li>
                <li>
                  <div
                    text="156"
                    type="like-o"
                  />
                  <em
                    class="fishd-list-item-action-split"
                  />
                </li>
                <li>
                  <div
                    text="2"
                    type="message"
                  />
                </li>
              </ul>
            </div>
            <div
              class="fishd-list-item-extra"
            >
              <img
                alt="logo"
                src="https://gw.alipayobjects.com/zos/rmsportal/mqaQswcyDLcXyDKnZfES.png"
                width="272"
              />
            </div>
          </div>
        </div>
        <div
          class="fishd-list-item"
        >
          <div
            class="fishd-list-item-extra-wrap"
          >
            <div
              class="fishd-list-item-main"
            >
              <div
                class="fishd-list-item-meta"
              >
                <div
                  class="fishd-list-item-meta-avatar"
                >
                  <span
                    class="fishd-avatar fishd-avatar-circle fishd-avatar-image"
                  >
                    <img
                      src="https://zos.alipayobjects.com/rmsportal/ODTLcjxAfvqbxHnVXCYX.png"
                    />
                  </span>
                </div>
                <div
                  class="fishd-list-item-meta-content"
                >
                  <h4
                    class="fishd-list-item-meta-title"
                  >
                    <a
                      href="http://qi.163.com"
                    >
                      fishd design part 2
                    </a>
                  </h4>
                  <div
                    class="fishd-list-item-meta-description"
                  >
                    Fishd Design, a design language for background applications, is refined by Fishd UED Team.
                  </div>
                </div>
              </div>
              <div
                class="fishd-list-item-content"
              >
                We supply a series of design principles, practical patterns and high quality design resources (Sketch and Axure), to help people create their product prototypes beautifully and efficiently.
              </div>
              <ul
                class="fishd-list-item-action"
              >
                <li>
                  <div
                    text="156"
                    type="star-o"
                  />
                  <em
                    class="fishd-list-item-action-split"
                  />
                </li>
                <li>
                  <div
                    text="156"
                    type="like-o"
                  />
                  <em
                    class="fishd-list-item-action-split"
                  />
                </li>
                <li>
                  <div
                    text="2"
                    type="message"
                  />
                </li>
              </ul>
            </div>
            <div
              class="fishd-list-item-extra"
            >
              <img
                alt="logo"
                src="https://gw.alipayobjects.com/zos/rmsportal/mqaQswcyDLcXyDKnZfES.png"
                width="272"
              />
            </div>
          </div>
        </div>
      </div>
    </div>
    <div
      class="fishd-list-footer"
    >
      <div>
        <b>
          fishd design
        </b>
         footer part
      </div>
    </div>
    <div
      class="fishd-list-pagination"
    >
      <ul
        class="fishd-pagination "
        unselectable="unselectable"
      >
        <li
          aria-disabled="true"
          class="fishd-pagination-disabled fishd-pagination-prev"
          title="上一页"
        >
          <a
            class="fishd-pagination-item-link"
          />
        </li>
        <li
          class="fishd-pagination-item fishd-pagination-item-1 fishd-pagination-item-active"
          tabindex="0"
          title="1"
        >
          <a>
            1
          </a>
        </li>
        <li
          class="fishd-pagination-item fishd-pagination-item-2"
          tabindex="0"
          title="2"
        >
          <a>
            2
          </a>
        </li>
        <li
          class="fishd-pagination-item fishd-pagination-item-3"
          tabindex="0"
          title="3"
        >
          <a>
            3
          </a>
        </li>
        <li
          class="fishd-pagination-item fishd-pagination-item-4"
          tabindex="0"
          title="4"
        >
          <a>
            4
          </a>
        </li>
        <li
          class="fishd-pagination-item fishd-pagination-item-5"
          tabindex="0"
          title="5"
        >
          <a>
            5
          </a>
        </li>
        <li
          class="fishd-pagination-item fishd-pagination-item-6"
          tabindex="0"
          title="6"
        >
          <a>
            6
          </a>
        </li>
        <li
          class="fishd-pagination-item fishd-pagination-item-7"
          tabindex="0"
          title="7"
        >
          <a>
            7
          </a>
        </li>
        <li
          class="fishd-pagination-item fishd-pagination-item-8"
          tabindex="0"
          title="8"
        >
          <a>
            8
          </a>
        </li>
        <li
          aria-disabled="false"
          class=" fishd-pagination-next"
          tabindex="0"
          title="下一页"
        >
          <a
            class="fishd-pagination-item-link"
          />
        </li>
      </ul>
    </div>
  </div>
</div>
`;
