// Jest Snapshot v1, https://goo.gl/fbAQLP

exports[`Renders audioPlayer demo correctly 1`] = `
<div>
  <div
    style="width:400px"
  >
    <div
      class="fishd-audio-player-wrap "
      title="这是一个demo"
    >
      <div
        class="audio-box"
      >
        <audio
          preload="metadata"
          src="https://ysf.nosdn.127.net/26952087D69B79839F17040A5DC2E775.wav"
          volume="1"
        >
          您的浏览器不支持 audio 标签。
        </audio>
      </div>
      <div
        class="box pause-play-box"
      >
        <i
          class="iconfont icon-youjiantou1"
        />
      </div>
      <div
        class="box step-box"
      >
        <div
          class="fishd-slider"
        >
          <div
            class="fishd-slider-rail"
          />
          <div
            class="fishd-slider-track"
            style="left:0%;width:NaN%"
          />
          <div
            class="fishd-slider-step"
          />
          <div
            aria-disabled="false"
            aria-valuemax="0"
            aria-valuemin="0"
            aria-valuenow="0"
            class="fishd-slider-handle"
            role="slider"
            style="left:NaN%"
            tabindex="0"
          />
          <div
            class="fishd-slider-mark"
          />
        </div>
      </div>
      <div
        class="box time-box"
      >
        <span
          class="current"
        >
          0:00 / 0:00
        </span>
      </div>
      <div
        class="box volume-box"
      >
        <i
          class="iconfont icon-yingxiaoguanli"
        />
      </div>
      <div
        class="box download-box"
      >
        <a
          download="audio"
          href="https://ysf.nosdn.127.net/26952087D69B79839F17040A5DC2E775.wav"
        >
          <i
            class="iconfont icon-xiajiantou"
          />
        </a>
      </div>
    </div>
  </div>
  <div
    style="width:350px"
  >
    <div
      class="fishd-audio-player-wrap "
      title=""
    >
      <div
        class="audio-box"
      >
        <audio
          preload="metadata"
          src="https://ysf.nosdn.127.net/6DB6A44FF040D96551EC00507730FC4D.wav"
          volume="1"
        >
          您的浏览器不支持 audio 标签。
        </audio>
      </div>
      <div
        class="box pause-play-box"
      >
        <i
          class="iconfont icon-youjiantou1"
        />
      </div>
      <div
        class="box step-box"
      >
        <div
          class="fishd-slider"
        >
          <div
            class="fishd-slider-rail"
          />
          <div
            class="fishd-slider-track"
            style="left:0%;width:NaN%"
          />
          <div
            class="fishd-slider-step"
          />
          <div
            aria-disabled="false"
            aria-valuemax="0"
            aria-valuemin="0"
            aria-valuenow="0"
            class="fishd-slider-handle"
            role="slider"
            style="left:NaN%"
            tabindex="0"
          />
          <div
            class="fishd-slider-mark"
          />
        </div>
      </div>
      <div
        class="box time-box"
      >
        <span
          class="current"
        >
          0:00 / 0:00
        </span>
      </div>
      <div
        class="box volume-box"
      >
        <i
          class="iconfont icon-yingxiaoguanli"
        />
      </div>
    </div>
  </div>
</div>
`;
