// Jest Snapshot v1, https://goo.gl/fbAQLP

exports[`Renders backTop demo correctly 1`] = `
<div>
  <div>
    Scroll down to see the bottom-right
    <strong>
       original 
    </strong>
    button.
  </div>
  <div
    id="components-back-top-demo-custom"
  >
    <p>
      Scroll down to see the bottom-right
      <strong
        style="color:#1088e9"
      >
         UP 
      </strong>
      button.
    </p>
  </div>
</div>
`;
