// Jest Snapshot v1, https://goo.gl/fbAQLP

exports[`Renders menu demo correctly 1`] = `
<div>
  <ul
    class="fishd-menu fishd-menu-light fishd-menu-root fishd-menu-horizontal"
    role="menu"
  >
    <li
      class="fishd-menu-item fishd-menu-item-selected"
      role="menuitem"
    >
      <div
        class="img-icon-12 fishdicon"
      />
      Nav1
    </li>
    <li
      class="fishd-menu-item"
      role="menuitem"
    >
      <div
        class="img-icon-12 fishdicon"
      />
      Nav2
    </li>
    <li
      class="fishd-menu-submenu fishd-menu-submenu-horizontal"
      role="menuitem"
    >
      <div
        aria-expanded="false"
        aria-haspopup="true"
        class="fishd-menu-submenu-title"
      >
        <span>
          <div
            class="img-icon-12 fishdicon"
          />
          Nav3 - Submenu
        </span>
        <i
          class="fishd-menu-submenu-arrow"
        />
      </div>
    </li>
    <li
      aria-disabled="true"
      class="fishd-menu-item fishd-menu-item-disabled"
      role="menuitem"
    >
      Nav4 - Disabled
    </li>
    <li
      class="fishd-menu-item"
      role="menuitem"
    >
      <a
        href="https://www.163.com"
        rel="noopener noreferrer"
        target="_blank"
      >
        Nav5 - Link
      </a>
    </li>
  </ul>
  <ul
    class="fishd-menu fishd-menu-light fishd-menu-root fishd-menu-vertical"
    role="menu"
    style="width:256px"
  >
    <li
      class="fishd-menu-submenu fishd-menu-submenu-vertical"
      role="menuitem"
    >
      <div
        aria-expanded="false"
        aria-haspopup="true"
        class="fishd-menu-submenu-title"
      >
        <span>
          Navigation One
        </span>
        <i
          class="fishd-menu-submenu-arrow"
        />
      </div>
    </li>
    <li
      class="fishd-menu-submenu fishd-menu-submenu-vertical"
      role="menuitem"
    >
      <div
        aria-expanded="false"
        aria-haspopup="true"
        class="fishd-menu-submenu-title"
      >
        <span>
          Navigation Two
        </span>
        <i
          class="fishd-menu-submenu-arrow"
        />
      </div>
    </li>
    <li
      class="fishd-menu-submenu fishd-menu-submenu-vertical"
      role="menuitem"
    >
      <div
        aria-expanded="false"
        aria-haspopup="true"
        class="fishd-menu-submenu-title"
      >
        <span>
          Navigation Three
        </span>
        <i
          class="fishd-menu-submenu-arrow"
        />
      </div>
    </li>
  </ul>
  <ul
    class="fishd-menu fishd-menu-light fishd-menu-root fishd-menu-inline"
    role="menu"
    style="width:256px"
  >
    <li
      class="fishd-menu-submenu fishd-menu-submenu-inline fishd-menu-submenu-open fishd-menu-submenu-selected"
      role="menuitem"
    >
      <div
        aria-expanded="true"
        aria-haspopup="true"
        aria-owns="sub1$Menu"
        class="fishd-menu-submenu-title"
        style="padding-left:24px"
      >
        <span>
          <div
            class="img-icon-12 fishdicon"
          />
          Navigation One
        </span>
        <i
          class="fishd-menu-submenu-arrow"
        />
      </div>
      <ul
        class="fishd-menu  fishd-menu-sub fishd-menu-inline"
        id="sub1$Menu"
        role="menu"
      >
        <li
          class=" fishd-menu-item-group"
        >
          <div
            class="fishd-menu-item-group-title"
            title="Item 1"
          >
            Item 1
          </div>
          <ul
            class="fishd-menu-item-group-list"
          >
            <li
              class="fishd-menu-item fishd-menu-item-selected"
              role="menuitem"
              style="padding-left:48px"
            >
              Option 1
            </li>
            <li
              class="fishd-menu-item"
              role="menuitem"
              style="padding-left:48px"
            >
              Option 2
            </li>
          </ul>
        </li>
        <li
          class=" fishd-menu-item-group"
        >
          <div
            class="fishd-menu-item-group-title"
            title="Item 2"
          >
            Item 2
          </div>
          <ul
            class="fishd-menu-item-group-list"
          >
            <li
              class="fishd-menu-item"
              role="menuitem"
              style="padding-left:48px"
            >
              Option 3
            </li>
            <li
              class="fishd-menu-item"
              role="menuitem"
              style="padding-left:48px"
            >
              Option 4
            </li>
          </ul>
        </li>
      </ul>
    </li>
    <li
      class="fishd-menu-submenu fishd-menu-submenu-inline"
      role="menuitem"
    >
      <div
        aria-expanded="false"
        aria-haspopup="true"
        class="fishd-menu-submenu-title"
        style="padding-left:24px"
      >
        <span>
          <div
            class="img-icon-12 fishdicon"
          />
          Navigation Two
        </span>
        <i
          class="fishd-menu-submenu-arrow"
        />
      </div>
      <div />
    </li>
    <li
      class="fishd-menu-submenu fishd-menu-submenu-inline"
      role="menuitem"
    >
      <div
        aria-expanded="false"
        aria-haspopup="true"
        class="fishd-menu-submenu-title"
        style="padding-left:24px"
      >
        <span>
          <div
            class="img-icon-12 fishdicon"
          />
          Navigation Three
        </span>
        <i
          class="fishd-menu-submenu-arrow"
        />
      </div>
      <div />
    </li>
  </ul>
  <div
    style="width:256px"
  >
    <button
      class="fishd-btn fishd-btn-primary"
      style="margin:0 20px 20px 0"
      type="button"
    >
      <i
        class="fishdicon fishdicon-menu-line"
      />
    </button>
    <span
      class="fishd-switch"
      tabindex="0"
    >
      <span
        class="fishd-switch-inner"
      />
    </span>
     Change Theme
    <ul
      class="fishd-menu fishd-menu-light fishd-menu-root fishd-menu-inline"
      role="menu"
    >
      <li
        class=" fishd-menu-item-group"
      >
        <div
          class="fishd-menu-item-group-title"
          title="MenuItemGroup 1"
        >
          MenuItemGroup 1
        </div>
        <ul
          class="fishd-menu-item-group-list"
        >
          <li
            class="fishd-menu-submenu fishd-menu-submenu-inline fishd-menu-submenu-open fishd-menu-submenu-selected"
            role="menuitem"
          >
            <div
              aria-expanded="true"
              aria-haspopup="true"
              aria-owns="sub1$Menu"
              class="fishd-menu-submenu-title"
              style="padding-left:24px"
            >
              <span>
                <div
                  class="img-icon-12 fishdicon"
                />
                <span>
                  Navigation One
                </span>
              </span>
              <i
                class="fishd-menu-submenu-arrow"
              />
            </div>
            <ul
              class="fishd-menu  fishd-menu-sub fishd-menu-inline"
              id="sub1$Menu"
              role="menu"
            >
              <li
                class="fishd-menu-item fishd-menu-item-selected"
                role="menuitem"
                style="padding-left:48px"
              >
                Option 1
              </li>
              <li
                class="fishd-menu-item"
                role="menuitem"
                style="padding-left:48px"
              >
                Option 2
              </li>
              <li
                class="fishd-menu-item"
                role="menuitem"
                style="padding-left:48px"
              >
                Option 3
              </li>
            </ul>
          </li>
        </ul>
      </li>
      <li
        class=" fishd-menu-item-group"
      >
        <div
          class="fishd-menu-item-group-title"
          title="MenuItemGroup 2"
        >
          MenuItemGroup 2
        </div>
        <ul
          class="fishd-menu-item-group-list"
        >
          <li
            class="fishd-menu-submenu fishd-menu-submenu-inline"
            role="menuitem"
          >
            <div
              aria-expanded="false"
              aria-haspopup="true"
              class="fishd-menu-submenu-title"
              style="padding-left:24px"
            >
              <span>
                <div
                  class="img-icon-12 fishdicon"
                />
                <span>
                  Navigation Two
                </span>
              </span>
              <i
                class="fishd-menu-submenu-arrow"
              />
            </div>
            <div />
          </li>
          <li
            class="fishd-menu-submenu fishd-menu-submenu-inline"
            role="menuitem"
          >
            <div
              aria-expanded="false"
              aria-haspopup="true"
              class="fishd-menu-submenu-title"
              style="padding-left:24px"
            >
              <span>
                <div
                  class="img-icon-12 fishdicon"
                />
                <span>
                  Navigation Three
                </span>
              </span>
              <i
                class="fishd-menu-submenu-arrow"
              />
            </div>
            <div />
          </li>
        </ul>
      </li>
    </ul>
  </div>
  <ul
    class="fishd-menu fishd-menu-light fishd-menu-root fishd-menu-inline"
    role="menu"
    style="width:256px"
  >
    <li
      class="fishd-menu-submenu fishd-menu-submenu-inline fishd-menu-submenu-open"
      role="menuitem"
    >
      <div
        aria-expanded="true"
        aria-haspopup="true"
        aria-owns="sub1$Menu"
        class="fishd-menu-submenu-title"
        style="padding-left:24px"
      >
        <span>
          Navigation One
        </span>
        <i
          class="fishd-menu-submenu-arrow"
        />
      </div>
      <ul
        class="fishd-menu  fishd-menu-sub fishd-menu-inline"
        id="sub1$Menu"
        role="menu"
      >
        <li
          class="fishd-menu-item"
          role="menuitem"
          style="padding-left:48px"
        >
          Option 1
        </li>
        <li
          class="fishd-menu-item"
          role="menuitem"
          style="padding-left:48px"
        >
          Option 2
        </li>
        <li
          class="fishd-menu-item"
          role="menuitem"
          style="padding-left:48px"
        >
          Option 3
        </li>
        <li
          class="fishd-menu-item"
          role="menuitem"
          style="padding-left:48px"
        >
          Option 4
        </li>
      </ul>
    </li>
    <li
      class="fishd-menu-submenu fishd-menu-submenu-inline"
      role="menuitem"
    >
      <div
        aria-expanded="false"
        aria-haspopup="true"
        class="fishd-menu-submenu-title"
        style="padding-left:24px"
      >
        <span>
          Navigation Two
        </span>
        <i
          class="fishd-menu-submenu-arrow"
        />
      </div>
      <div />
    </li>
    <li
      class="fishd-menu-submenu fishd-menu-submenu-inline"
      role="menuitem"
    >
      <div
        aria-expanded="false"
        aria-haspopup="true"
        class="fishd-menu-submenu-title"
        style="padding-left:24px"
      >
        <span>
          Navigation Three
        </span>
        <i
          class="fishd-menu-submenu-arrow"
        />
      </div>
      <div />
    </li>
  </ul>
  <div>
    <span
      class="fishd-switch"
      tabindex="0"
    >
      <span
        class="fishd-switch-inner"
      />
    </span>
     Change Mode
    <span
      class="fishd-divider"
      style="margin:0 1em"
    />
    <span
      class="fishd-switch"
      tabindex="0"
    >
      <span
        class="fishd-switch-inner"
      />
    </span>
     Change Theme
    <br />
    <br />
    <ul
      class="fishd-menu fishd-menu-light fishd-menu-root fishd-menu-inline"
      role="menu"
      style="width:256px"
    >
      <li
        class="fishd-menu-item fishd-menu-item-selected"
        role="menuitem"
        style="padding-left:24px"
      >
        <div
          class="img-icon-12 fishdicon"
        />
        Navigation One
      </li>
      <li
        class="fishd-menu-item"
        role="menuitem"
        style="padding-left:24px"
      >
        <div
          class="img-icon-12 fishdicon"
        />
        Navigation Two
      </li>
      <li
        class="fishd-menu-submenu fishd-menu-submenu-inline fishd-menu-submenu-open"
        role="menuitem"
      >
        <div
          aria-expanded="true"
          aria-haspopup="true"
          aria-owns="sub1$Menu"
          class="fishd-menu-submenu-title"
          style="padding-left:24px"
        >
          <span>
            <div
              class="img-icon-12 fishdicon"
            />
            <span>
              Navigation Three
            </span>
          </span>
          <i
            class="fishd-menu-submenu-arrow"
          />
        </div>
        <ul
          class="fishd-menu  fishd-menu-sub fishd-menu-inline"
          id="sub1$Menu"
          role="menu"
        >
          <li
            class="fishd-menu-item"
            role="menuitem"
            style="padding-left:48px"
          >
            Option 3
          </li>
          <li
            class="fishd-menu-item"
            role="menuitem"
            style="padding-left:48px"
          >
            Option 4
          </li>
          <li
            class="fishd-menu-submenu fishd-menu-submenu-inline"
            role="menuitem"
          >
            <div
              aria-expanded="false"
              aria-haspopup="true"
              class="fishd-menu-submenu-title"
              style="padding-left:48px"
              title="Submenu"
            >
              Submenu
              <i
                class="fishd-menu-submenu-arrow"
              />
            </div>
            <div />
          </li>
        </ul>
      </li>
      <li
        class="fishd-menu-submenu fishd-menu-submenu-inline"
        role="menuitem"
      >
        <div
          aria-expanded="false"
          aria-haspopup="true"
          class="fishd-menu-submenu-title"
          style="padding-left:24px"
        >
          <span>
            <div
              class="img-icon-12 fishdicon"
            />
            <span>
              Navigation Four
            </span>
          </span>
          <i
            class="fishd-menu-submenu-arrow"
          />
        </div>
        <div />
      </li>
    </ul>
  </div>
</div>
`;
