// Jest Snapshot v1, https://goo.gl/fbAQLP

exports[`Renders animate demo correctly 1`] = `
<div>
  <div>
    <button
      class="fishd-btn"
      type="button"
    >
      <span>
        展示/隐藏
      </span>
    </button>
    <div
      class="basic-demo"
    >
      自定义动画
    </div>
  </div>
  <div>
    <button
      class="fishd-btn"
      type="button"
    >
      <span>
        展开/收起
      </span>
    </button>
    <div
      class="notice"
    />
  </div>
  <div
    class="totolist-container"
  >
    <span
      class="todo-list"
    >
      <div>
        Item 1
        <button
          class="fishd-btn"
          type="button"
        >
          <span>
            ×
          </span>
        </button>
      </div>
      <div>
        Item 2
        <button
          class="fishd-btn"
          type="button"
        >
          <span>
            ×
          </span>
        </button>
      </div>
      <div>
        Item 3
        <button
          class="fishd-btn"
          type="button"
        >
          <span>
            ×
          </span>
        </button>
      </div>
    </span>
    <button
      class="fishd-btn"
      type="button"
    >
      <span>
        添 加
      </span>
    </button>
  </div>
  <div>
    <button
      class="fishd-btn"
      style="margin-bottom:10px"
      type="button"
    >
      <span>
        添 加
      </span>
    </button>
    <div
      class="fishd-table-wrapper"
    >
      <div
        class="fishd-spin-nested-loading"
      >
        <div
          class="fishd-spin-nested"
        >
          <div>
            <div
              class="fishd-table fishd-table-default fishd-table-scroll-position-left"
            >
              <div
                class="fishd-table-content"
              >
                <div
                  class="fishd-table-body"
                >
                  <table
                    class=""
                  >
                    <colgroup>
                      <col
                        style="width:100px;min-width:100px"
                      />
                      <col
                        style="width:100px;min-width:100px"
                      />
                      <col
                        style="width:200px;min-width:200px"
                      />
                      <col />
                    </colgroup>
                    <thead
                      class="fishd-table-thead"
                    >
                      <tr>
                        <th
                          class=""
                        >
                          <span>
                            title1
                          </span>
                        </th>
                        <th
                          class=""
                        >
                          <span>
                            title2
                          </span>
                        </th>
                        <th
                          class=""
                        >
                          <span>
                            title3
                          </span>
                        </th>
                        <th
                          class=""
                        >
                          <span>
                            Action
                          </span>
                        </th>
                      </tr>
                    </thead>
                    <tbody
                      class="fishd-table-tbody"
                    >
                      <tr
                        class="fishd-table-row fishd-table-row-level-0"
                        data-row-key="1"
                      >
                        <td
                          class=""
                        >
                          <span
                            class="fishd-table-row-indent indent-level-0"
                            style="padding-left:0px"
                          />
                          a1
                        </td>
                        <td
                          class=""
                        >
                          b1
                        </td>
                        <td
                          class=""
                        >
                          c1
                        </td>
                        <td
                          class=""
                        >
                          <a
                            href="#"
                          >
                            Delete
                          </a>
                        </td>
                      </tr>
                      <tr
                        class="fishd-table-row fishd-table-row-level-0"
                        data-row-key="2"
                      >
                        <td
                          class=""
                        >
                          <span
                            class="fishd-table-row-indent indent-level-0"
                            style="padding-left:0px"
                          />
                          a2
                        </td>
                        <td
                          class=""
                        >
                          b2
                        </td>
                        <td
                          class=""
                        >
                          c2
                        </td>
                        <td
                          class=""
                        >
                          <a
                            href="#"
                          >
                            Delete
                          </a>
                        </td>
                      </tr>
                      <tr
                        class="fishd-table-row fishd-table-row-level-0"
                        data-row-key="3"
                      >
                        <td
                          class=""
                        >
                          <span
                            class="fishd-table-row-indent indent-level-0"
                            style="padding-left:0px"
                          />
                          a3
                        </td>
                        <td
                          class=""
                        >
                          b3
                        </td>
                        <td
                          class=""
                        >
                          c3
                        </td>
                        <td
                          class=""
                        >
                          <a
                            href="#"
                          >
                            Delete
                          </a>
                        </td>
                      </tr>
                    </tbody>
                  </table>
                </div>
              </div>
            </div>
          </div>
          <ul
            class="fishd-pagination fishd-table-pagination"
            unselectable="unselectable"
          >
            <li
              aria-disabled="true"
              class="fishd-pagination-disabled fishd-pagination-prev"
              title="上一页"
            >
              <a
                class="fishd-pagination-item-link"
              />
            </li>
            <li
              class="fishd-pagination-item fishd-pagination-item-1 fishd-pagination-item-active"
              tabindex="0"
              title="1"
            >
              <a>
                1
              </a>
            </li>
            <li
              aria-disabled="true"
              class="fishd-pagination-disabled fishd-pagination-next"
              title="下一页"
            >
              <a
                class="fishd-pagination-item-link"
              />
            </li>
          </ul>
        </div>
      </div>
    </div>
  </div>
</div>
`;
