// Jest Snapshot v1, https://goo.gl/fbAQLP

exports[`Icon should render to a <i class="xxx"></i> 1`] = `
<i
  class="fishdicon fishdicon-appstore my-icon-classname"
/>
`;
