// Jest Snapshot v1, https://goo.gl/fbAQLP

exports[`Renders tag demo correctly 1`] = `
<div>
  <div>
    <div
      class="fishd-tag"
      data-show="true"
    >
      Tag 1
    </div>
    <div
      class="fishd-tag"
      data-show="true"
    >
      <a
        href="https://github.com/NSFI/ppfish-components"
      >
        Link
      </a>
    </div>
    <div
      class="fishd-tag"
      data-show="true"
    >
      Tag 2
      <i
        class="fishdicon fishdicon-close-modal-line"
      />
    </div>
    <div
      class="fishd-tag"
      data-show="true"
    >
      Prevent Default
      <i
        class="fishdicon fishdicon-close-modal-line"
      />
    </div>
  </div>
  <div>
    <div
      class="fishd-tag fishd-tag-has-color"
      data-show="true"
      style="background-color:#f50"
    >
      #f50
    </div>
    <div
      class="fishd-tag fishd-tag-has-color"
      data-show="true"
      style="background-color:#2db7f5"
    >
      #2db7f5
    </div>
    <div
      class="fishd-tag fishd-tag-has-color"
      data-show="true"
      style="background-color:#87d068"
    >
      #87d068
    </div>
    <div
      class="fishd-tag fishd-tag-has-color"
      data-show="true"
      style="background-color:#108ee9"
    >
      #108ee9
    </div>
  </div>
  <div>
    <div
      class="fishd-tag"
      data-show="true"
    >
      Unremovable
    </div>
    <div
      class="fishd-tag"
      data-show="true"
    >
      Tag 2
      <i
        class="fishdicon fishdicon-close-modal-line"
      />
    </div>
    <div
      class="fishd-tag"
      data-show="true"
    >
      Tag 3
      <i
        class="fishdicon fishdicon-close-modal-line"
      />
    </div>
    <div
      class="fishd-tag"
      data-show="true"
      style="background:#fff;border:1px dashed #e1e3e6"
    >
      <i
        class="fishdicon fishdicon-upload-plus"
      />
       New Tag
    </div>
  </div>
  <div>
    <div
      class="fishd-tag fishd-tag-checkable fishd-tag-checkable-checked"
    >
      tag1
    </div>
  </div>
</div>
`;
