// Jest Snapshot v1, https://goo.gl/fbAQLP

exports[`Renders richEditor demo correctly 1`] = `
<div>
  <div
    class="fishd-richeditor"
  >
    <div
      class="editor-head"
    >
      <div
        class="toolbar-grp"
      >
        <button
          class="item ql-myLink fishdicon fishdicon-richeditor-link"
        />
        <button
          class="item ql-bold fishdicon fishdicon-richeditor-bold"
        />
        <button
          class="item ql-italic fishdicon fishdicon-richeditor-tilt"
        />
        <button
          class="item ql-underline fishdicon fishdicon-richeditor-underline"
        />
      </div>
      <div
        class="toolbar-grp"
      >
        <div
          class="item custom-size fishdicon fishdicon-richeditor-size"
        >
          <button
            class="ql-customSize hide"
            data-role="customSize"
            type="button"
            value=""
          />
        </div>
      </div>
      <div
        class="toolbar-grp"
      >
        <div
          class="item custom-color fishdicon fishdicon-richeditor-color"
        >
          <button
            class="ql-color hide"
            data-role="color"
            type="button"
            value=""
          />
        </div>
      </div>
      <div
        class="toolbar-grp"
      >
        <button
          class="item ql-align fishdicon fishdicon-richeditor-align-lef"
          type="button"
          value=""
        />
        <button
          class="item ql-align fishdicon fishdicon-richeditor-align-mid"
          type="button"
          value="center"
        />
        <button
          class="item ql-align fishdicon fishdicon-richeditor-align-rig"
          type="button"
          value="right"
        />
      </div>
      <div
        class="toolbar-grp"
      >
        <button
          class="item ql-list fishdicon fishdicon-richeditor-numberlis"
          type="button"
          value="ordered"
        />
        <button
          class="item ql-list fishdicon fishdicon-richeditor-list"
          type="button"
          value="bullet"
        />
      </div>
      <div
        class="toolbar-grp"
      >
        <div
          class="item custom-emoji fishdicon fishdicon-richeditor-expressio"
        >
          <button
            class="ql-emoji hide"
            data-role="emoji"
            type="button"
            value=""
          />
        </div>
      </div>
      <div
        class="toolbar-grp"
      >
        <button
          class="item ql-image fishdicon fishdicon-richeditor-picture"
        />
      </div>
      <div
        class="toolbar-grp"
      >
        <button
          class="item ql-clean fishdicon fishdicon-richeditor-clear"
        />
      </div>
    </div>
    <div
      class="quill editor-body"
    >
      <div />
    </div>
  </div>
  <div
    class="fishd-richeditor"
  >
    <div
      class="editor-head"
    >
      <div
        class="toolbar-grp"
      >
        <button
          class="item ql-myLink fishdicon fishdicon-richeditor-link"
        />
        <button
          class="item ql-bold fishdicon fishdicon-richeditor-bold"
        />
        <button
          class="item ql-italic fishdicon fishdicon-richeditor-tilt"
        />
        <button
          class="item ql-underline fishdicon fishdicon-richeditor-underline"
        />
      </div>
      <div
        class="toolbar-grp"
      >
        <div
          class="item custom-size fishdicon fishdicon-richeditor-size"
        >
          <button
            class="ql-customSize hide"
            data-role="customSize"
            type="button"
            value=""
          />
        </div>
      </div>
      <div
        class="toolbar-grp"
      >
        <div
          class="item custom-color fishdicon fishdicon-richeditor-color"
        >
          <button
            class="ql-color hide"
            data-role="color"
            type="button"
            value=""
          />
        </div>
      </div>
      <div
        class="toolbar-grp"
      >
        <button
          class="item ql-align fishdicon fishdicon-richeditor-align-lef"
          type="button"
          value=""
        />
        <button
          class="item ql-align fishdicon fishdicon-richeditor-align-mid"
          type="button"
          value="center"
        />
        <button
          class="item ql-align fishdicon fishdicon-richeditor-align-rig"
          type="button"
          value="right"
        />
      </div>
      <div
        class="toolbar-grp"
      >
        <button
          class="item ql-list fishdicon fishdicon-richeditor-numberlis"
          type="button"
          value="ordered"
        />
        <button
          class="item ql-list fishdicon fishdicon-richeditor-list"
          type="button"
          value="bullet"
        />
      </div>
      <div
        class="toolbar-grp"
      >
        <div
          class="item custom-emoji fishdicon fishdicon-richeditor-expressio"
        >
          <button
            class="ql-emoji hide"
            data-role="emoji"
            type="button"
            value=""
          />
        </div>
      </div>
      <div
        class="toolbar-grp"
      >
        <button
          class="item ql-image fishdicon fishdicon-richeditor-picture"
        />
      </div>
      <div
        class="toolbar-grp"
      >
        <button
          class="item ql-clean fishdicon fishdicon-richeditor-clear"
        />
      </div>
      <div
        class="toolbar-grp"
      >
        <button
          class="item custom-entry ql-mylinkEntry fishdicon fishdicon-richeditor-transfer my-link"
        />
      </div>
    </div>
    <div
      class="quill editor-body"
    >
      <div />
    </div>
  </div>
  <div
    class="fishd-richeditor"
  >
    <div
      class="editor-head"
    >
      <div
        class="toolbar-grp"
      >
        <button
          class="item ql-myLink fishdicon fishdicon-richeditor-link"
        />
        <button
          class="item ql-bold fishdicon fishdicon-richeditor-bold"
        />
        <button
          class="item ql-italic fishdicon fishdicon-richeditor-tilt"
        />
        <button
          class="item ql-underline fishdicon fishdicon-richeditor-underline"
        />
      </div>
      <div
        class="toolbar-grp"
      >
        <div
          class="item custom-size fishdicon fishdicon-richeditor-size"
        >
          <button
            class="ql-customSize hide"
            data-role="customSize"
            type="button"
            value=""
          />
        </div>
      </div>
      <div
        class="toolbar-grp"
      >
        <div
          class="item custom-color fishdicon fishdicon-richeditor-color"
        >
          <button
            class="ql-color hide"
            data-role="color"
            type="button"
            value=""
          />
        </div>
      </div>
      <div
        class="toolbar-grp"
      >
        <button
          class="item ql-align fishdicon fishdicon-richeditor-align-lef"
          type="button"
          value=""
        />
        <button
          class="item ql-align fishdicon fishdicon-richeditor-align-mid"
          type="button"
          value="center"
        />
        <button
          class="item ql-align fishdicon fishdicon-richeditor-align-rig"
          type="button"
          value="right"
        />
      </div>
      <div
        class="toolbar-grp"
      >
        <button
          class="item ql-list fishdicon fishdicon-richeditor-numberlis"
          type="button"
          value="ordered"
        />
        <button
          class="item ql-list fishdicon fishdicon-richeditor-list"
          type="button"
          value="bullet"
        />
      </div>
      <div
        class="toolbar-grp"
      >
        <div
          class="item custom-emoji fishdicon fishdicon-richeditor-expressio"
        >
          <button
            class="ql-emoji hide"
            data-role="emoji"
            type="button"
            value=""
          />
        </div>
      </div>
      <div
        class="toolbar-grp"
      >
        <button
          class="item ql-image fishdicon fishdicon-richeditor-picture"
        />
      </div>
      <div
        class="toolbar-grp"
      >
        <button
          class="item ql-clean fishdicon fishdicon-richeditor-clear"
        />
      </div>
    </div>
    <div
      class="quill editor-body"
    >
      <div />
    </div>
  </div>
  <div
    class="fishd-richeditor"
  >
    <div
      class="editor-head"
    >
      <div
        class="toolbar-grp"
      >
        <button
          class="item ql-myLink fishdicon fishdicon-richeditor-link"
        />
        <button
          class="item ql-bold fishdicon fishdicon-richeditor-bold"
        />
        <button
          class="item ql-italic fishdicon fishdicon-richeditor-tilt"
        />
        <button
          class="item ql-underline fishdicon fishdicon-richeditor-underline"
        />
      </div>
      <div
        class="toolbar-grp"
      >
        <div
          class="item custom-size fishdicon fishdicon-richeditor-size"
        >
          <button
            class="ql-customSize hide"
            data-role="customSize"
            type="button"
            value=""
          />
        </div>
      </div>
      <div
        class="toolbar-grp"
      >
        <div
          class="item custom-color fishdicon fishdicon-richeditor-color"
        >
          <button
            class="ql-color hide"
            data-role="color"
            type="button"
            value=""
          />
        </div>
      </div>
      <div
        class="toolbar-grp"
      >
        <button
          class="item ql-align fishdicon fishdicon-richeditor-align-lef"
          type="button"
          value=""
        />
        <button
          class="item ql-align fishdicon fishdicon-richeditor-align-mid"
          type="button"
          value="center"
        />
        <button
          class="item ql-align fishdicon fishdicon-richeditor-align-rig"
          type="button"
          value="right"
        />
      </div>
      <div
        class="toolbar-grp"
      >
        <button
          class="item ql-list fishdicon fishdicon-richeditor-numberlis"
          type="button"
          value="ordered"
        />
        <button
          class="item ql-list fishdicon fishdicon-richeditor-list"
          type="button"
          value="bullet"
        />
      </div>
      <div
        class="toolbar-grp"
      >
        <div
          class="item custom-emoji fishdicon fishdicon-richeditor-expressio"
        >
          <button
            class="ql-emoji hide"
            data-role="emoji"
            type="button"
            value=""
          />
        </div>
      </div>
      <div
        class="toolbar-grp"
      >
        <button
          class="item ql-image fishdicon fishdicon-richeditor-picture"
        />
      </div>
      <div
        class="toolbar-grp"
      >
        <button
          class="item ql-clean fishdicon fishdicon-richeditor-clear"
        />
      </div>
    </div>
    <div
      class="quill editor-body"
    >
      <div />
    </div>
  </div>
  <div
    class="fishd-richeditor"
  >
    <div
      class="editor-head"
    >
      <div
        class="toolbar-grp"
      >
        <button
          class="item ql-myLink fishdicon fishdicon-richeditor-link"
        />
        <button
          class="item ql-bold fishdicon fishdicon-richeditor-bold"
        />
        <button
          class="item ql-italic fishdicon fishdicon-richeditor-tilt"
        />
        <button
          class="item ql-underline fishdicon fishdicon-richeditor-underline"
        />
      </div>
      <div
        class="toolbar-grp"
      >
        <div
          class="item custom-size fishdicon fishdicon-richeditor-size"
        >
          <button
            class="ql-customSize hide"
            data-role="customSize"
            type="button"
            value=""
          />
        </div>
      </div>
      <div
        class="toolbar-grp"
      >
        <div
          class="item custom-color fishdicon fishdicon-richeditor-color"
        >
          <button
            class="ql-color hide"
            data-role="color"
            type="button"
            value=""
          />
        </div>
      </div>
      <div
        class="toolbar-grp"
      >
        <button
          class="item ql-align fishdicon fishdicon-richeditor-align-lef"
          type="button"
          value=""
        />
        <button
          class="item ql-align fishdicon fishdicon-richeditor-align-mid"
          type="button"
          value="center"
        />
        <button
          class="item ql-align fishdicon fishdicon-richeditor-align-rig"
          type="button"
          value="right"
        />
      </div>
      <div
        class="toolbar-grp"
      >
        <button
          class="item ql-list fishdicon fishdicon-richeditor-numberlis"
          type="button"
          value="ordered"
        />
        <button
          class="item ql-list fishdicon fishdicon-richeditor-list"
          type="button"
          value="bullet"
        />
      </div>
      <div
        class="toolbar-grp"
      >
        <div
          class="item custom-emoji fishdicon fishdicon-richeditor-expressio"
        >
          <button
            class="ql-emoji hide"
            data-role="emoji"
            type="button"
            value=""
          />
        </div>
      </div>
      <div
        class="toolbar-grp"
      >
        <button
          class="item ql-image fishdicon fishdicon-richeditor-picture"
        />
      </div>
      <div
        class="toolbar-grp"
      >
        <button
          class="item ql-clean fishdicon fishdicon-richeditor-clear"
        />
      </div>
    </div>
    <div
      class="quill editor-body"
    >
      <div />
    </div>
  </div>
  <div
    class="fishd-richeditor resizable"
  >
    <div
      class="editor-head"
    >
      <div
        class="toolbar-grp"
      >
        <button
          class="item ql-myLink fishdicon fishdicon-richeditor-link"
        />
        <button
          class="item ql-bold fishdicon fishdicon-richeditor-bold"
        />
        <button
          class="item ql-italic fishdicon fishdicon-richeditor-tilt"
        />
        <button
          class="item ql-underline fishdicon fishdicon-richeditor-underline"
        />
      </div>
      <div
        class="toolbar-grp"
      >
        <div
          class="item custom-size fishdicon fishdicon-richeditor-size"
        >
          <button
            class="ql-customSize hide"
            data-role="customSize"
            type="button"
            value=""
          />
        </div>
      </div>
      <div
        class="toolbar-grp"
      >
        <div
          class="item custom-color fishdicon fishdicon-richeditor-color"
        >
          <button
            class="ql-color hide"
            data-role="color"
            type="button"
            value=""
          />
        </div>
      </div>
      <div
        class="toolbar-grp"
      >
        <button
          class="item ql-align fishdicon fishdicon-richeditor-align-lef"
          type="button"
          value=""
        />
        <button
          class="item ql-align fishdicon fishdicon-richeditor-align-mid"
          type="button"
          value="center"
        />
        <button
          class="item ql-align fishdicon fishdicon-richeditor-align-rig"
          type="button"
          value="right"
        />
      </div>
      <div
        class="toolbar-grp"
      >
        <button
          class="item ql-list fishdicon fishdicon-richeditor-numberlis"
          type="button"
          value="ordered"
        />
        <button
          class="item ql-list fishdicon fishdicon-richeditor-list"
          type="button"
          value="bullet"
        />
      </div>
      <div
        class="toolbar-grp"
      >
        <div
          class="item custom-emoji fishdicon fishdicon-richeditor-expressio"
        >
          <button
            class="ql-emoji hide"
            data-role="emoji"
            type="button"
            value=""
          />
        </div>
      </div>
      <div
        class="toolbar-grp"
      >
        <button
          class="item ql-image fishdicon fishdicon-richeditor-picture"
        />
      </div>
      <div
        class="toolbar-grp"
      >
        <button
          class="item ql-clean fishdicon fishdicon-richeditor-clear"
        />
      </div>
    </div>
    <div
      class="quill editor-body"
    >
      <div />
    </div>
  </div>
  <div
    class="fishd-richeditor"
  >
    <div
      class="editor-head"
    >
      <div
        class="toolbar-grp"
      >
        <button
          class="item ql-myLink fishdicon fishdicon-richeditor-link"
        />
        <button
          class="item ql-bold fishdicon fishdicon-richeditor-bold"
        />
        <button
          class="item ql-italic fishdicon fishdicon-richeditor-tilt"
        />
        <button
          class="item ql-underline fishdicon fishdicon-richeditor-underline"
        />
      </div>
      <div
        class="toolbar-grp"
      >
        <div
          class="item custom-size fishdicon fishdicon-richeditor-size"
        >
          <button
            class="ql-customSize hide"
            data-role="customSize"
            type="button"
            value=""
          />
        </div>
      </div>
      <div
        class="toolbar-grp"
      >
        <div
          class="item custom-color fishdicon fishdicon-richeditor-color"
        >
          <button
            class="ql-color hide"
            data-role="color"
            type="button"
            value=""
          />
        </div>
      </div>
      <div
        class="toolbar-grp"
      >
        <button
          class="item ql-align fishdicon fishdicon-richeditor-align-lef"
          type="button"
          value=""
        />
        <button
          class="item ql-align fishdicon fishdicon-richeditor-align-mid"
          type="button"
          value="center"
        />
        <button
          class="item ql-align fishdicon fishdicon-richeditor-align-rig"
          type="button"
          value="right"
        />
      </div>
      <div
        class="toolbar-grp"
      >
        <button
          class="item ql-list fishdicon fishdicon-richeditor-numberlis"
          type="button"
          value="ordered"
        />
        <button
          class="item ql-list fishdicon fishdicon-richeditor-list"
          type="button"
          value="bullet"
        />
      </div>
      <div
        class="toolbar-grp"
      >
        <div
          class="item custom-emoji fishdicon fishdicon-richeditor-expressio"
        >
          <button
            class="ql-emoji hide"
            data-role="emoji"
            type="button"
            value=""
          />
        </div>
      </div>
      <div
        class="toolbar-grp"
      >
        <button
          class="item ql-image fishdicon fishdicon-richeditor-picture"
        />
      </div>
      <div
        class="toolbar-grp"
      >
        <button
          class="item ql-clean fishdicon fishdicon-richeditor-clear"
        />
      </div>
    </div>
    <div
      class="quill editor-body"
    >
      <div />
    </div>
  </div>
  <div
    class="fishd-richeditor"
  >
    <div
      class="editor-head"
    >
      <div
        class="toolbar-grp"
      >
        <button
          class="item ql-myLink fishdicon fishdicon-richeditor-link"
        />
        <button
          class="item ql-bold fishdicon fishdicon-richeditor-bold"
        />
        <button
          class="item ql-italic fishdicon fishdicon-richeditor-tilt"
        />
        <button
          class="item ql-underline fishdicon fishdicon-richeditor-underline"
        />
      </div>
      <div
        class="toolbar-grp"
      >
        <div
          class="item custom-size fishdicon fishdicon-richeditor-size"
        >
          <button
            class="ql-customSize hide"
            data-role="customSize"
            type="button"
            value=""
          />
        </div>
      </div>
      <div
        class="toolbar-grp"
      >
        <div
          class="item custom-color fishdicon fishdicon-richeditor-color"
        >
          <button
            class="ql-color hide"
            data-role="color"
            type="button"
            value=""
          />
        </div>
      </div>
      <div
        class="toolbar-grp"
      >
        <button
          class="item ql-align fishdicon fishdicon-richeditor-align-lef"
          type="button"
          value=""
        />
        <button
          class="item ql-align fishdicon fishdicon-richeditor-align-mid"
          type="button"
          value="center"
        />
        <button
          class="item ql-align fishdicon fishdicon-richeditor-align-rig"
          type="button"
          value="right"
        />
      </div>
      <div
        class="toolbar-grp"
      >
        <button
          class="item ql-list fishdicon fishdicon-richeditor-numberlis"
          type="button"
          value="ordered"
        />
        <button
          class="item ql-list fishdicon fishdicon-richeditor-list"
          type="button"
          value="bullet"
        />
      </div>
      <div
        class="toolbar-grp"
      >
        <div
          class="item custom-emoji fishdicon fishdicon-richeditor-expressio"
        >
          <button
            class="ql-emoji hide"
            data-role="emoji"
            type="button"
            value=""
          />
        </div>
      </div>
      <div
        class="toolbar-grp"
      >
        <button
          class="item ql-image fishdicon fishdicon-richeditor-picture"
        />
      </div>
      <div
        class="toolbar-grp"
      >
        <button
          class="item ql-clean fishdicon fishdicon-richeditor-clear"
        />
      </div>
    </div>
    <div
      class="quill editor-body"
    >
      <div />
    </div>
  </div>
  <div
    class="fishd-richeditor"
  >
    <div
      class="editor-head"
    >
      <div
        class="toolbar-grp"
      >
        <button
          class="item ql-myLink fishdicon fishdicon-richeditor-link"
        />
        <button
          class="item ql-bold fishdicon fishdicon-richeditor-bold"
        />
        <button
          class="item ql-italic fishdicon fishdicon-richeditor-tilt"
        />
        <button
          class="item ql-underline fishdicon fishdicon-richeditor-underline"
        />
      </div>
      <div
        class="toolbar-grp"
      >
        <div
          class="item custom-size fishdicon fishdicon-richeditor-size"
        >
          <button
            class="ql-customSize hide"
            data-role="customSize"
            type="button"
            value=""
          />
        </div>
      </div>
      <div
        class="toolbar-grp"
      >
        <div
          class="item custom-color fishdicon fishdicon-richeditor-color"
        >
          <button
            class="ql-color hide"
            data-role="color"
            type="button"
            value=""
          />
        </div>
      </div>
      <div
        class="toolbar-grp"
      >
        <button
          class="item ql-list fishdicon fishdicon-richeditor-numberlis"
          type="button"
          value="ordered"
        />
        <button
          class="item ql-list fishdicon fishdicon-richeditor-list"
          type="button"
          value="bullet"
        />
      </div>
      <div
        class="toolbar-grp"
      >
        <div
          class="item custom-emoji fishdicon fishdicon-richeditor-expressio"
        >
          <button
            class="ql-emoji hide"
            data-role="emoji"
            type="button"
            value=""
          />
        </div>
      </div>
      <div
        class="toolbar-grp"
      >
        <button
          class="item ql-image fishdicon fishdicon-richeditor-picture"
        />
      </div>
      <div
        class="toolbar-grp"
      >
        <button
          class="item ql-clean fishdicon fishdicon-richeditor-clear"
        />
      </div>
    </div>
    <div
      class="quill editor-body"
    >
      <div />
    </div>
  </div>
  <div
    class="fishd-richeditor"
  >
    <div
      class="editor-head"
    >
      <div
        class="toolbar-grp"
      >
        <button
          class="item ql-myLink fishdicon fishdicon-richeditor-link"
        />
        <button
          class="item ql-bold fishdicon fishdicon-richeditor-bold"
        />
        <button
          class="item ql-italic fishdicon fishdicon-richeditor-tilt"
        />
        <button
          class="item ql-underline fishdicon fishdicon-richeditor-underline"
        />
      </div>
      <div
        class="toolbar-grp"
      >
        <div
          class="item custom-color fishdicon fishdicon-richeditor-color"
        >
          <button
            class="ql-color hide"
            data-role="color"
            type="button"
            value=""
          />
        </div>
        <div
          class="item custom-background fishdicon fishdicon-richeditor-fontbkcol"
        >
          <button
            class="ql-background hide"
            data-role="background"
            type="button"
            value=""
          />
        </div>
      </div>
      <div
        class="toolbar-grp"
      >
        <button
          class="item ql-align fishdicon fishdicon-richeditor-align-lef"
          type="button"
          value=""
        />
        <button
          class="item ql-align fishdicon fishdicon-richeditor-align-mid"
          type="button"
          value="center"
        />
        <button
          class="item ql-align fishdicon fishdicon-richeditor-align-rig"
          type="button"
          value="right"
        />
        <button
          class="item ql-align fishdicon fishdicon-richeditor-align-all"
          type="button"
          value="justify"
        />
      </div>
      <div
        class="toolbar-grp"
      >
        <div
          class="item custom-size fishdicon fishdicon-richeditor-size"
        >
          <button
            class="ql-customSize hide"
            data-role="customSize"
            type="button"
            value=""
          />
        </div>
      </div>
      <div
        class="toolbar-grp"
      >
        <button
          class="item ql-list fishdicon fishdicon-richeditor-numberlis"
          type="button"
          value="ordered"
        />
        <button
          class="item ql-list fishdicon fishdicon-richeditor-list"
          type="button"
          value="bullet"
        />
      </div>
      <div
        class="toolbar-grp"
      >
        <div
          class="item custom-emoji fishdicon fishdicon-richeditor-expressio"
        >
          <button
            class="ql-emoji hide"
            data-role="emoji"
            type="button"
            value=""
          />
        </div>
      </div>
      <div
        class="toolbar-grp"
      >
        <button
          class="item ql-image fishdicon fishdicon-richeditor-picture"
        />
      </div>
      <div
        class="toolbar-grp"
      >
        <button
          class="item ql-video"
          type="button"
        />
      </div>
      <div
        class="toolbar-grp"
      >
        <button
          class="item ql-strike"
        />
      </div>
      <div
        class="toolbar-grp"
      >
        <button
          class="item ql-blockquote"
        />
      </div>
      <div
        class="toolbar-grp"
      >
        <button
          class="item ql-code-block"
        />
      </div>
      <div
        class="toolbar-grp"
      >
        <button
          class="item ql-script"
          type="button"
          value="sub"
        />
        <button
          class="item ql-script"
          type="button"
          value="super"
        />
      </div>
      <div
        class="toolbar-grp"
      >
        <button
          class="item ql-indent"
          type="button"
          value="-1"
        />
        <button
          class="item ql-indent"
          type="button"
          value="+1"
        />
      </div>
      <div
        class="toolbar-grp"
      >
        <button
          class="item ql-direction"
          type="button"
          value="rtl"
        />
      </div>
      <div
        class="toolbar-grp"
      >
        <button
          class="item ql-clean fishdicon fishdicon-richeditor-clear"
        />
      </div>
    </div>
    <div
      class="quill editor-body"
    >
      <div />
    </div>
  </div>
</div>
`;
