// Jest Snapshot v1, https://goo.gl/fbAQLP

exports[`Card should still have padding when card which set padding to 0 is loading 1`] = `
<div
  class="fishd-card fishd-card-loading fishd-card-bordered"
>
  <div
    class="fishd-card-body"
    style="padding: 0px;"
  >
    <div
      class="fishd-card-loading-content"
      style="padding: 24px;"
    >
      <div
        class="fishd-row"
        style="margin-left: -4px; margin-right: -4px;"
      >
        <div
          class="fishd-col-22"
          style="padding-left: 4px; padding-right: 4px;"
        >
          <div
            class="fishd-card-loading-block"
          />
        </div>
      </div>
      <div
        class="fishd-row"
        style="margin-left: -4px; margin-right: -4px;"
      >
        <div
          class="fishd-col-8"
          style="padding-left: 4px; padding-right: 4px;"
        >
          <div
            class="fishd-card-loading-block"
          />
        </div>
        <div
          class="fishd-col-15"
          style="padding-left: 4px; padding-right: 4px;"
        >
          <div
            class="fishd-card-loading-block"
          />
        </div>
      </div>
      <div
        class="fishd-row"
        style="margin-left: -4px; margin-right: -4px;"
      >
        <div
          class="fishd-col-6"
          style="padding-left: 4px; padding-right: 4px;"
        >
          <div
            class="fishd-card-loading-block"
          />
        </div>
        <div
          class="fishd-col-18"
          style="padding-left: 4px; padding-right: 4px;"
        >
          <div
            class="fishd-card-loading-block"
          />
        </div>
      </div>
      <div
        class="fishd-row"
        style="margin-left: -4px; margin-right: -4px;"
      >
        <div
          class="fishd-col-13"
          style="padding-left: 4px; padding-right: 4px;"
        >
          <div
            class="fishd-card-loading-block"
          />
        </div>
        <div
          class="fishd-col-9"
          style="padding-left: 4px; padding-right: 4px;"
        >
          <div
            class="fishd-card-loading-block"
          />
        </div>
      </div>
      <div
        class="fishd-row"
        style="margin-left: -4px; margin-right: -4px;"
      >
        <div
          class="fishd-col-4"
          style="padding-left: 4px; padding-right: 4px;"
        >
          <div
            class="fishd-card-loading-block"
          />
        </div>
        <div
          class="fishd-col-3"
          style="padding-left: 4px; padding-right: 4px;"
        >
          <div
            class="fishd-card-loading-block"
          />
        </div>
        <div
          class="fishd-col-16"
          style="padding-left: 4px; padding-right: 4px;"
        >
          <div
            class="fishd-card-loading-block"
          />
        </div>
      </div>
      <div
        class="fishd-row"
        style="margin-left: -4px; margin-right: -4px;"
      >
        <div
          class="fishd-col-8"
          style="padding-left: 4px; padding-right: 4px;"
        >
          <div
            class="fishd-card-loading-block"
          />
        </div>
        <div
          class="fishd-col-6"
          style="padding-left: 4px; padding-right: 4px;"
        >
          <div
            class="fishd-card-loading-block"
          />
        </div>
        <div
          class="fishd-col-8"
          style="padding-left: 4px; padding-right: 4px;"
        >
          <div
            class="fishd-card-loading-block"
          />
        </div>
      </div>
    </div>
  </div>
</div>
`;
